// Jest Snapshot v1, https://goo.gl/fbAQLP

exports[`Pruebas en <AppRouter /> Debe de mostrar el componente correctamente 1`] = `
Array [
  <nav
    className="navbar navbar-expand-sm navbar-dark bg-dark"
  >
    <a
      className="navbar-brand"
      href="/"
      onClick={[Function]}
    >
      useContext
    </a>
    <div
      className="collapse navbar-collapse"
      id="navbarNavAltMarkup"
    >
      <div
        className="navbar-nav"
      >
        <a
          activeclassname="active"
          aria-current="page"
          className="nav-item nav-link active"
          href="/"
          onClick={[Function]}
        >
          Home
        </a>
        <a
          activeclassname="active"
          className="nav-item nav-link"
          href="/about"
          onClick={[Function]}
        >
          About
        </a>
        <a
          activeclassname="active"
          className="nav-item nav-link"
          href="/login"
          onClick={[Function]}
        >
          Login
        </a>
      </div>
    </div>
  </nav>,
  <div
    className="container mt-3"
  >
    <div>
      <h1>
        HomeScreen
      </h1>
      <hr />
      <pre>
        {
   "id": 1,
   "name": "Engelber"
}
      </pre>
    </div>
  </div>,
]
`;
